// Vitest Snapshot v1, https://vitest.dev/guide/snapshot.html

exports[`sortYAML > preserves comments when sorting YAML input 1`] = `
"variables:
  A_VARIABLE: 'true' # Comment A
  B_VARIABLE: 'true' # Comment B
  C_VARIABLE: 'true' # Comment C
"
`;

exports[`sortYAML preserves comments when sorting YAML input 1`] = `
"variables:
  A_VARIABLE: 'true' # Comment A
  B_VARIABLE: 'true' # Comment B
  C_VARIABLE: 'true' # Comment C
"
`;
